// Jest Snapshot v1, https://goo.gl/fbAQLP

exports[`Render correctly component FavoritesCities 1`] = `
<ul
  className="favorites__list"
>
  <li
    className="favorites__locations-items"
  >
    <div
      className="favorites__locations locations locations--current"
    >
      <div
        className="locations__item"
      >
        <a
          className="locations__item-link"
          href="#"
        >
          <span>
            Paris
          </span>
        </a>
      </div>
    </div>
    <div
      className="favorites__places"
    >
      <article
        className="place-card favorites__card"
        onBlur={[Function]}
        onFocus={[Function]}
        onMouseEnter={[Function]}
        onMouseLeave={[Function]}
      >
        <div
          className="place-card__mark"
        >
          <span>
            Premium
          </span>
        </div>
        <div
          className="place-card__image-wrapper favorites__image-wrapper"
        >
          <a
            href="/offer/1"
            onClick={[Function]}
          >
            <img
              alt="Place image"
              className="place-card__image"
              height={110}
              src="img/photo1"
              width={150}
            />
          </a>
        </div>
        <div
          className="place-card__info favorites__card-info"
        >
          <div
            className="place-card__price-wrapper"
          >
            <div
              className="place-card__price"
            >
              <b
                className="place-card__price-value"
              >
                €
                111
              </b>
              <span
                className="place-card__price-text"
              >
                / night
              </span>
            </div>
            <button
              className="button place-card__bookmark-button place-card__bookmark-button--active"
              onClick={[Function]}
              type="button"
            >
              <svg
                className="place-card__bookmark-icon"
                height={19}
                width={18}
              >
                <use
                  xlinkHref="#icon-bookmark"
                />
              </svg>
              <span
                className="visually-hidden"
              >
                To bookmarks
              </span>
            </button>
          </div>
          <div
            className="place-card__rating rating"
          >
            <div
              className="place-card__stars rating__stars"
            >
              <span
                style={
                  Object {
                    "width": "100%",
                  }
                }
              />
              <span
                className="visually-hidden"
              >
                Rating
              </span>
            </div>
          </div>
          <h2
            className="place-card__name"
          >
            <a
              href="/offer/1"
              onClick={[Function]}
            >
              Title of first server offer
            </a>
          </h2>
          <p
            className="place-card__type"
          >
            Apartment
          </p>
        </div>
      </article>
      <article
        className="place-card favorites__card"
        onBlur={[Function]}
        onFocus={[Function]}
        onMouseEnter={[Function]}
        onMouseLeave={[Function]}
      >
        
        <div
          className="place-card__image-wrapper favorites__image-wrapper"
        >
          <a
            href="/offer/2"
            onClick={[Function]}
          >
            <img
              alt="Place image"
              className="place-card__image"
              height={110}
              width={150}
            />
          </a>
        </div>
        <div
          className="place-card__info favorites__card-info"
        >
          <div
            className="place-card__price-wrapper"
          >
            <div
              className="place-card__price"
            >
              <b
                className="place-card__price-value"
              >
                €
                1
              </b>
              <span
                className="place-card__price-text"
              >
                / night
              </span>
            </div>
            <button
              className="button place-card__bookmark-button place-card__bookmark-button--active"
              onClick={[Function]}
              type="button"
            >
              <svg
                className="place-card__bookmark-icon"
                height={19}
                width={18}
              >
                <use
                  xlinkHref="#icon-bookmark"
                />
              </svg>
              <span
                className="visually-hidden"
              >
                To bookmarks
              </span>
            </button>
          </div>
          <div
            className="place-card__rating rating"
          >
            <div
              className="place-card__stars rating__stars"
            >
              <span
                style={
                  Object {
                    "width": "60%",
                  }
                }
              />
              <span
                className="visually-hidden"
              >
                Rating
              </span>
            </div>
          </div>
          <h2
            className="place-card__name"
          >
            <a
              href="/offer/2"
              onClick={[Function]}
            >
              Title of cheapest offer
            </a>
          </h2>
          <p
            className="place-card__type"
          >
            Hotel
          </p>
        </div>
      </article>
    </div>
  </li>
</ul>
`;
