// Jest Snapshot v1, https://goo.gl/fbAQLP

exports[`Render correctly component ReviewForm 1`] = `
<form
  action="#"
  className="reviews__form form"
  method="post"
  onSubmit={[Function]}
>
  <label
    className="reviews__label form__label"
    htmlFor="review"
  >
    Your review
  </label>
  <div
    className="reviews__rating-form form__rating"
  >
    <input
      className="form__rating-input visually-hidden"
      id="stars-5"
      name="rating"
      onChange={[Function]}
      type="radio"
      value={5}
    />
    <label
      className="reviews__rating-label form__rating-label"
      htmlFor="stars-5"
      title="perfect"
    >
      <svg
        className="form__star-image"
        height="33"
        width="37"
      >
        <use
          xlinkHref="#icon-star"
        />
      </svg>
    </label>
    <input
      className="form__rating-input visually-hidden"
      id="stars-4"
      name="rating"
      onChange={[Function]}
      type="radio"
      value={4}
    />
    <label
      className="reviews__rating-label form__rating-label"
      htmlFor="stars-4"
      title="perfect"
    >
      <svg
        className="form__star-image"
        height="33"
        width="37"
      >
        <use
          xlinkHref="#icon-star"
        />
      </svg>
    </label>
    <input
      className="form__rating-input visually-hidden"
      id="stars-3"
      name="rating"
      onChange={[Function]}
      type="radio"
      value={3}
    />
    <label
      className="reviews__rating-label form__rating-label"
      htmlFor="stars-3"
      title="perfect"
    >
      <svg
        className="form__star-image"
        height="33"
        width="37"
      >
        <use
          xlinkHref="#icon-star"
        />
      </svg>
    </label>
    <input
      className="form__rating-input visually-hidden"
      id="stars-2"
      name="rating"
      onChange={[Function]}
      type="radio"
      value={2}
    />
    <label
      className="reviews__rating-label form__rating-label"
      htmlFor="stars-2"
      title="perfect"
    >
      <svg
        className="form__star-image"
        height="33"
        width="37"
      >
        <use
          xlinkHref="#icon-star"
        />
      </svg>
    </label>
    <input
      className="form__rating-input visually-hidden"
      id="stars-1"
      name="rating"
      onChange={[Function]}
      type="radio"
      value={1}
    />
    <label
      className="reviews__rating-label form__rating-label"
      htmlFor="stars-1"
      title="perfect"
    >
      <svg
        className="form__star-image"
        height="33"
        width="37"
      >
        <use
          xlinkHref="#icon-star"
        />
      </svg>
    </label>
  </div>
  <textarea
    className="reviews__textarea form__textarea"
    id="review"
    name="review"
    onChange={[Function]}
    placeholder="Tell how was your stay, what you like and what can be improved"
  />
  <div
    className="reviews__button-wrapper"
  >
    <p
      className="reviews__help"
    >
      To submit review please make sure to set 
      <span
        className="reviews__star"
      >
        rating
      </span>
       and describe your stay with at least 
      <b
        className="reviews__text-amount"
      >
        50 characters
      </b>
      .
    </p>
    <button
      className="reviews__submit form__submit button"
      onClick={[Function]}
      type="submit"
    >
      Submit
    </button>
  </div>
</form>
`;
