// Jest Snapshot v1, https://goo.gl/fbAQLP

exports[`Render correctly component Places Render Places 1`] = `
<div
  className="cities"
>
  <div
    className="cities__places-container container"
  >
    <section
      className="cities__places places"
    >
      <h2
        className="visually-hidden"
      >
        Places
      </h2>
      <b
        className="places__found"
      >
        4
         places to stay in 
        Paris
      </b>
      <form
        action="#"
        className="places__sorting"
        method="get"
      >
        <span
          className="places__sorting-caption"
        >
          Sort by
        </span>
        <span
          className="places__sorting-type"
          onClick={[Function]}
          onKeyDown={[Function]}
          tabIndex="0"
        >
          Popular
          <svg
            className="places__sorting-arrow"
            height="4"
            width="7"
          >
            <use
              xlinkHref="#icon-arrow-select"
            />
          </svg>
        </span>
        <ul
          className="places__options places__options--custom "
        >
          <li
            className="places__option places__option--focus"
            onClick={[Function]}
            onKeyDown={[Function]}
            tabIndex="0"
          >
            Popular
          </li>
          <li
            className="places__option "
            onClick={[Function]}
            onKeyDown={[Function]}
            tabIndex="0"
          >
            Price: low to high
          </li>
          <li
            className="places__option "
            onClick={[Function]}
            onKeyDown={[Function]}
            tabIndex="0"
          >
            Price: high to low
          </li>
          <li
            className="places__option "
            onClick={[Function]}
            onKeyDown={[Function]}
            tabIndex="0"
          >
            Top rated first
          </li>
        </ul>
      </form>
      <div
        className="cities__places-list places__list tabs__content"
      >
        <article
          className="place-card cities__place-card"
          onBlur={[Function]}
          onFocus={[Function]}
          onMouseEnter={[Function]}
          onMouseLeave={[Function]}
        >
          <div
            className="place-card__mark"
          >
            <span>
              Premium
            </span>
          </div>
          <div
            className="place-card__image-wrapper cities__image-wrapper"
          >
            <a
              href="/offer/1"
              onClick={[Function]}
            >
              <img
                alt="Place image"
                className="place-card__image"
                height={200}
                src="img/photo1"
                width={260}
              />
            </a>
          </div>
          <div
            className="place-card__info "
          >
            <div
              className="place-card__price-wrapper"
            >
              <div
                className="place-card__price"
              >
                <b
                  className="place-card__price-value"
                >
                  €
                  111
                </b>
                <span
                  className="place-card__price-text"
                >
                  / night
                </span>
              </div>
              <button
                className="button place-card__bookmark-button place-card__bookmark-button--active"
                onClick={[Function]}
                type="button"
              >
                <svg
                  className="place-card__bookmark-icon"
                  height={19}
                  width={18}
                >
                  <use
                    xlinkHref="#icon-bookmark"
                  />
                </svg>
                <span
                  className="visually-hidden"
                >
                  To bookmarks
                </span>
              </button>
            </div>
            <div
              className="place-card__rating rating"
            >
              <div
                className="place-card__stars rating__stars"
              >
                <span
                  style={
                    Object {
                      "width": "100%",
                    }
                  }
                />
                <span
                  className="visually-hidden"
                >
                  Rating
                </span>
              </div>
            </div>
            <h2
              className="place-card__name"
            >
              <a
                href="/offer/1"
                onClick={[Function]}
              >
                Title of first server offer
              </a>
            </h2>
            <p
              className="place-card__type"
            >
              Apartment
            </p>
          </div>
        </article>
        <article
          className="place-card cities__place-card"
          onBlur={[Function]}
          onFocus={[Function]}
          onMouseEnter={[Function]}
          onMouseLeave={[Function]}
        >
          
          <div
            className="place-card__image-wrapper cities__image-wrapper"
          >
            <a
              href="/offer/2"
              onClick={[Function]}
            >
              <img
                alt="Place image"
                className="place-card__image"
                height={200}
                width={260}
              />
            </a>
          </div>
          <div
            className="place-card__info "
          >
            <div
              className="place-card__price-wrapper"
            >
              <div
                className="place-card__price"
              >
                <b
                  className="place-card__price-value"
                >
                  €
                  1
                </b>
                <span
                  className="place-card__price-text"
                >
                  / night
                </span>
              </div>
              <button
                className="button place-card__bookmark-button place-card__bookmark-button--active"
                onClick={[Function]}
                type="button"
              >
                <svg
                  className="place-card__bookmark-icon"
                  height={19}
                  width={18}
                >
                  <use
                    xlinkHref="#icon-bookmark"
                  />
                </svg>
                <span
                  className="visually-hidden"
                >
                  To bookmarks
                </span>
              </button>
            </div>
            <div
              className="place-card__rating rating"
            >
              <div
                className="place-card__stars rating__stars"
              >
                <span
                  style={
                    Object {
                      "width": "60%",
                    }
                  }
                />
                <span
                  className="visually-hidden"
                >
                  Rating
                </span>
              </div>
            </div>
            <h2
              className="place-card__name"
            >
              <a
                href="/offer/2"
                onClick={[Function]}
              >
                Title of cheapest offer
              </a>
            </h2>
            <p
              className="place-card__type"
            >
              Hotel
            </p>
          </div>
        </article>
        <article
          className="place-card cities__place-card"
          onBlur={[Function]}
          onFocus={[Function]}
          onMouseEnter={[Function]}
          onMouseLeave={[Function]}
        >
          <div
            className="place-card__mark"
          >
            <span>
              Premium
            </span>
          </div>
          <div
            className="place-card__image-wrapper cities__image-wrapper"
          >
            <a
              href="/offer/3"
              onClick={[Function]}
            >
              <img
                alt="Place image"
                className="place-card__image"
                height={200}
                src="img/photo3"
                width={260}
              />
            </a>
          </div>
          <div
            className="place-card__info "
          >
            <div
              className="place-card__price-wrapper"
            >
              <div
                className="place-card__price"
              >
                <b
                  className="place-card__price-value"
                >
                  €
                  4444
                </b>
                <span
                  className="place-card__price-text"
                >
                  / night
                </span>
              </div>
              <button
                className="button place-card__bookmark-button "
                onClick={[Function]}
                type="button"
              >
                <svg
                  className="place-card__bookmark-icon"
                  height={19}
                  width={18}
                >
                  <use
                    xlinkHref="#icon-bookmark"
                  />
                </svg>
                <span
                  className="visually-hidden"
                >
                  To bookmarks
                </span>
              </button>
            </div>
            <div
              className="place-card__rating rating"
            >
              <div
                className="place-card__stars rating__stars"
              >
                <span
                  style={
                    Object {
                      "width": "100%",
                    }
                  }
                />
                <span
                  className="visually-hidden"
                >
                  Rating
                </span>
              </div>
            </div>
            <h2
              className="place-card__name"
            >
              <a
                href="/offer/3"
                onClick={[Function]}
              >
                Title of most expensive offer
              </a>
            </h2>
            <p
              className="place-card__type"
            >
              Apartment
            </p>
          </div>
        </article>
        <article
          className="place-card cities__place-card"
          onBlur={[Function]}
          onFocus={[Function]}
          onMouseEnter={[Function]}
          onMouseLeave={[Function]}
        >
          <div
            className="place-card__mark"
          >
            <span>
              Premium
            </span>
          </div>
          <div
            className="place-card__image-wrapper cities__image-wrapper"
          >
            <a
              href="/offer/4"
              onClick={[Function]}
            >
              <img
                alt="Place image"
                className="place-card__image"
                height={200}
                src="img/photo4"
                width={260}
              />
            </a>
          </div>
          <div
            className="place-card__info "
          >
            <div
              className="place-card__price-wrapper"
            >
              <div
                className="place-card__price"
              >
                <b
                  className="place-card__price-value"
                >
                  €
                  222
                </b>
                <span
                  className="place-card__price-text"
                >
                  / night
                </span>
              </div>
              <button
                className="button place-card__bookmark-button "
                onClick={[Function]}
                type="button"
              >
                <svg
                  className="place-card__bookmark-icon"
                  height={19}
                  width={18}
                >
                  <use
                    xlinkHref="#icon-bookmark"
                  />
                </svg>
                <span
                  className="visually-hidden"
                >
                  To bookmarks
                </span>
              </button>
            </div>
            <div
              className="place-card__rating rating"
            >
              <div
                className="place-card__stars rating__stars"
              >
                <span
                  style={
                    Object {
                      "width": "100%",
                    }
                  }
                />
                <span
                  className="visually-hidden"
                >
                  Rating
                </span>
              </div>
            </div>
            <h2
              className="place-card__name"
            >
              <a
                href="/offer/4"
                onClick={[Function]}
              >
                Title of top rated offer
              </a>
            </h2>
            <p
              className="place-card__type"
            >
              House
            </p>
          </div>
        </article>
      </div>
    </section>
    <div
      className="cities__right-section"
    >
      <section
        className="cities__map map"
      >
        <div
          id="map"
          style={
            Object {
              "height": "100%",
            }
          }
        />
      </section>
    </div>
  </div>
</div>
`;

exports[`Render correctly component Places Render Places without offers 1`] = `
<div
  className="cities"
>
  <div
    className="cities__places-container cities__places-container--empty container"
  >
    <section
      className="cities__no-places"
    >
      <div
        className="cities__status-wrapper tabs__content"
      >
        <b
          className="cities__status"
        >
          No places to stay available
        </b>
        <p
          className="cities__status-description"
        >
          We could not find any property available at the moment in Dusseldorf
        </p>
      </div>
    </section>
    <div
      className="cities__right-section"
    />
  </div>
</div>
`;
