// Jest Snapshot v1, https://goo.gl/fbAQLP

exports[`Render correctly hoc withActiveItem 1`] = `<div />`;
