// Jest Snapshot v1, https://goo.gl/fbAQLP

exports[`Render correctly component Stars 1`] = `
<div
  className="stars rating__stars"
>
  <span
    style={
      Object {
        "width": "100%",
      }
    }
  />
  <span
    className="visually-hidden"
  >
    Rating
  </span>
</div>
`;
