// Jest Snapshot v1, https://goo.gl/fbAQLP

exports[`Render correctly component ContainerMap 1`] = `
<div
  id="id"
  style={Object {}}
/>
`;
